Pharo Clean VM - Image Loader Test
===================================

=== Oop Tagging Tests ===
SmallInteger 42:  0x151 isSmallInteger=1 value=42
SmallInteger -100: 0xfffffffffffffce1 value=-100
Character 'A':    0x20b isCharacter=1 codepoint=65
nil:              0x0 isNil=1

SmallFloat tests:
  1 -> 0x7f00000000000005 -> 1 OK
  168 -> 0x8650000000000005 -> 168 OK
  80 -> 0x8540000000000005 -> 80 OK
  -42.5 -> 0x845400000000000d -> -42.5 OK
  0 -> 0x5 -> 0 OK
  1024 -> 0x8900000000000005 -> 1024 OK
  0.5 -> 0x7e00000000000005 -> 0.5 OK

Decoding known SmallFloat values from Pharo:
  0x8540000000000005 -> 80
  0x8650000000000005 -> 168
  0x8000000000000005 -> 2

Tag verification (should use low 3 bits only):
  SmallInteger tag: 1 (expected 1)
  Character tag:    3 (expected 3)

Loading image: /tmp/jit-minrepro/Pharo.image
Working directory: /private/tmp/jit-minrepro
Memory initialized successfully
Image loaded successfully!
=== Image Header ===
Format:            68021 (Spur 64-bit)
Header size:       128 bytes
Image size:        54578696 bytes (52 MB)
Old base address:  0x10000000000
Special objects:   0x100010f1af0
Last hash:         4359400298259077020
Screen size:       0 x 0
Flags:             0x2
First segment:     54578696 bytes
Free old space:    0 bytes
Eden bytes:        22003584

=== Special Objects ===
Special objects array: 0x3010f1af0
  Raw header: 0x3c00000002000033
  Slot count (bits 0-7): 51
  Hash (bits 8-29): 131072
  Format (bits 30-34): 0
  Class index (bits 35-56): 0
  Flags (bits 57-63): 30
  Computed slot count: 60

First 20 special objects:
  [0]: 0x300000000 (object, class: 3075)
  [1]: 0x300000010 (object, class: 3077)
  [2]: 0x300000020 (object, class: 3079)
  [3]: 0x30006d680 (object, class: 3139)
  [4]: 0x300925b90 (object, class: 7589)
  [5]: 0x300366f50 (object, class: 3080)
  [6]: 0x3000164e8 (object, class: 3086)
  [7]: 0x3000166c8 (object, class: 3092)
  [8]: 0x300020f00 (object, class: 3135)
  [9]: 0x3000169e8 (object, class: 3102)
  [10]: 0x300016a88 (object, class: 3104)
  [11]: 0x300000000 (object, class: 3075)
  [12]: 0x300016ee8 (object, class: 3118)
  [13]: 0x3000168a8 (object, class: 3098)
  [14]: 0x300000000 (object, class: 3075)
  [15]: 0x300016d08 (object, class: 3112)
  [16]: 0x300000000 (object, class: 3075)
  [17]: 0x3033e59e0 (object, class: 48)
  [18]: 0x300016da8 (object, class: 3114)
  [19]: 0x300366ee8 (object, class: 3082)

=== Memory Layout ===
Old space:  0x300000000 - 0x400000000
Allocated:  0 MB
Free:       4043 MB

First 128 bytes of old space (raw):
  [0]: 0x25c97500800c03
  [8]: 0x0
  [16]: 0x106b2800800c05
  [24]: 0x0
  [32]: 0x2b1f8100800c07
  [40]: 0x0
  [48]: 0x4000000009000013
  [56]: 0x0
  [64]: 0x0
  [72]: 0x0
  [80]: 0x0
  [88]: 0x0
  [96]: 0x0
  [104]: 0x0
  [112]: 0x0
  [120]: 0x0

First object header analysis:
  Raw: 0x25c97500800c03
  Slot count: 3
  Format: 20
  Class index: 309550

=== Object Statistics ===
Total objects:    740428
Pointer objects:  437116
Byte objects:     127110
Compiled methods: 175767
Total size:       52 MB

=== Checking iOS Classes ===
  OSWorldRenderer: found
  OSiOSDriver: NOT FOUND
  OSiOSBackendWindow: NOT FOUND
  NullWorldRenderer: found
  OSWindowDriver: found
  OSWindow: found
  WorldMorph: found
  WorldState: found
  Display: NOT FOUND

=== Headless Mode (no display) ===

=== Interpreter Initialization ===
Event callback registered
[RESUME] ctx[0]: SnapshotOperation>>doSnapshot
[RESUME] ctx[1]: SnapshotOperation>>doSnapshot
[RESUME] ctx[2]: FullBlockClosure>>on:do:
[RESUME] ctx[3]: FullBlockClosure>>onErrorDo:
[RESUME] ctx[4]: SnapshotOperation>>executeStoringError:
[RESUME] ctx[5]: SnapshotOperation>>performSnapshot
[RESUME] ctx[6]: SessionManager>>launchSnapshot:andQuit:
[RESUME] ctx[7]: SessionManager>>signal
[RESUME] ctx[8]: FullBlockClosure>>terminateRealActive
[RESUME] inSnapshotCode=1 chainDepth=9
[RESUME] Initial context: method=#doSnapshot pc=55
[RESUME] Patching: stackp=1 stackTopSlot=6 oldVal=true(0x300000020) -> true
[RESUME] Found SnapshotOperation 0x3033ef0b8 at ctx depth 0, isImageStarting=false
[RESUME] Found SnapshotOperation 0x3033ef0b8 at ctx depth 1, isImageStarting=true
[RESUME] Found SnapshotOperation 0x3033ef0b8 at ctx depth 4, isImageStarting=true
[RESUME] Found SnapshotOperation 0x3033ef0b8 at ctx depth 5, isImageStarting=true
[RESUME] Patched isImageStarting on 1 SnapshotOperation(s)
[STARTUP] Boosting startup process 0x3033e60f0 from P79 to P80
[JIT] Disabled via PHARO_NO_JIT env var
[STARTUP] Headless mode: deferring timer semaphore signal
Interpreter initialized successfully!
Active method: 0x3003395a8
Display after ensureDisplayForm: NOT FOUND
Heartbeat will start after startup completes...

=== Forced GC Test ===
Before GC: used=52MB free=4043MB
After GC: used=51MB free=4044MB
Freed: 159KB
GC reclaimed: 163776 bytes, moved: 0 objects, took: 257ms

=== Execution Test ===
Running up to 60000000000 bytecode steps...
Image args: eval (IntegerTest selector: #testNthRootTruncated) runCase. 'done'
[SISTA] compile=0 dispatch=1 hook active
[SISTA] hits=1/1 cache=1 disp=0 ret=0 send=0 unk=0
[CACHE-1] #keys -> getter=-1 setter=-1 retSelf=0 prim=0 cls=0x3000175e0 method=0x3003042f8
[CACHE-2] #keysDo: -> getter=-1 setter=-1 retSelf=0 prim=0 cls=0x3000175e0 method=0x300304270
[SEM-SIGNAL-2] sem=0x3033bdbb0 active-pri=80 waiter=0x302c7bbc8 waiter-pri=80
[CACHE-3] #methodDict -> getter=-1 setter=-1 retSelf=0 prim=0 cls=0x300016af0 method=0x3003aa700
[CACHE-4] #methodDict -> getter=-1 setter=-1 retSelf=0 prim=0 cls=0x300016d70 method=0x3003aa700
[XFER-1] old=0x3033be140 pri=80 -> new=0x302c7bbc8 pri=80
[XFER-2] old=0x302c7bbc8 pri=80 -> new=0x3033bdbd0 pri=80
[SEM-SIGNAL-3] sem=0x3033fda28 active-pri=80 waiter=0x3033be140 waiter-pri=80
[XFER-3] old=0x3033bdbd0 pri=80 -> new=0x3033be140 pri=80
[XFER-4] old=0x3033be140 pri=80 -> new=0x3033bdc28 pri=80
[SEM-SIGNAL-4] sem=0x3034046a8 active-pri=80 waiter=0x3033be140 waiter-pri=80
[XFER-5] old=0x3033bdc28 pri=80 -> new=0x3033be140 pri=80
[P63] idx=5 arrIdx=4 byte=0x2a($*) str='void*'(5)
[P63] idx=1 arrIdx=0 byte=0x76($v) str='void*'(5)
[P63] idx=2 arrIdx=1 byte=0x6f($o) str='void*'(5)
[P63] idx=3 arrIdx=2 byte=0x69($i) str='void*'(5)
[P63] idx=4 arrIdx=3 byte=0x64($d) str='void*'(5)
[P63] idx=5 arrIdx=4 byte=0x2a($*) str='void*'(5)
[CACHE-5] #superclass -> getter=-1 setter=-1 retSelf=0 prim=264 cls=0x3000289a8 method=0x3003aa690
[CACHE-6] #superclass -> getter=-1 setter=-1 retSelf=0 prim=264 cls=0x30001a408 method=0x3003aa690
[CACHE-7] #keysDo: -> getter=-1 setter=-1 retSelf=0 prim=0 cls=0x300023ed8 method=0x300335bf8
[P63] idx=1 arrIdx=0 byte=0x43($C) str='Char5'(5)
[P63] idx=5 arrIdx=4 byte=0x35($5) str='Char5'(5)
[CACHE-8] #methodDict -> getter=-1 setter=-1 retSelf=0 prim=0 cls=0x3000161c8 method=0x3003aa700
[CACHE-9] #superclass -> getter=-1 setter=-1 retSelf=0 prim=264 cls=0x3000161c8 method=0x3003aa690
[CACHE-10] #methodDict -> getter=-1 setter=-1 retSelf=0 prim=0 cls=0x3000170a0 method=0x3003aa700
[CACHE-11] #superclass -> getter=-1 setter=-1 retSelf=0 prim=264 cls=0x3000170a0 method=0x3003aa690
[CACHE-12] #methodDict -> getter=-1 setter=-1 retSelf=0 prim=0 cls=0x30001bb68 method=0x3003aa700
[CACHE-13] #superclass -> getter=-1 setter=-1 retSelf=0 prim=264 cls=0x30001bb68 method=0x3003aa690
[CACHE-14] #methodDict -> getter=-1 setter=-1 retSelf=0 prim=0 cls=0x30001ada8 method=0x3003aa700
[CACHE-15] #superclass -> getter=-1 setter=-1 retSelf=0 prim=264 cls=0x30001ada8 method=0x3003aa690
[CACHE-16] #methodDict -> getter=-1 setter=-1 retSelf=0 prim=0 cls=0x300017b50 method=0x3003aa700
[CACHE-17] #superclass -> getter=-1 setter=-1 retSelf=0 prim=264 cls=0x300017b50 method=0x3003aa690
[CACHE-18] #methodDict -> getter=-1 setter=-1 retSelf=0 prim=0 cls=0x300017140 method=0x3003aa700
[CACHE-19] #superclass -> getter=-1 setter=-1 retSelf=0 prim=264 cls=0x300017140 method=0x3003aa690
[P63] idx=5 arrIdx=4 byte=0x35($5) str='Char5'(5)
[CACHE-20] #keys -> getter=-1 setter=-1 retSelf=0 prim=0 cls=0x300023ed8 method=0x300335c78
[P63] idx=1 arrIdx=0 byte=0x42($B) str='Byte10'(6)
[P63] idx=6 arrIdx=5 byte=0x30($0) str='Byte10'(6)
[P63] idx=6 arrIdx=5 byte=0x30($0) str='Byte10'(6)
[CACHE-21] #superclass -> getter=-1 setter=-1 retSelf=0 prim=264 cls=0x30093c4b0 method=0x3003aa690
[CACHE-22] #superclass -> getter=-1 setter=-1 retSelf=0 prim=264 cls=0x30093c400 method=0x3003aa690
[CACHE-23] #superclass -> getter=-1 setter=-1 retSelf=0 prim=264 cls=0x30001e828 method=0x3003aa690
[CACHE-24] #superclass -> getter=-1 setter=-1 retSelf=0 prim=264 cls=0x30001e8c8 method=0x3003aa690
[CACHE-25] #superclass -> getter=-1 setter=-1 retSelf=0 prim=264 cls=0x30001e6e0 method=0x3003aa690
[CACHE-26] #superclass -> getter=-1 setter=-1 retSelf=0 prim=264 cls=0x30001e788 method=0x3003aa690
[P63] idx=1 arrIdx=0 byte=0x62($b) str='byte'(4)
[P63] idx=4 arrIdx=3 byte=0x65($e) str='byte'(4)
[P63] idx=5 arrIdx=4 byte=0x38($8) str='uint8'(5)
[P63] idx=1 arrIdx=0 byte=0x75($u) str='uint8'(5)
[P63] idx=5 arrIdx=4 byte=0x38($8) str='uint8'(5)
[P63] idx=8 arrIdx=7 byte=0x38($8) str='FFIUInt8'(8)
[P63] idx=1 arrIdx=0 byte=0x46($F) str='FFIUInt8'(8)
[P63] idx=8 arrIdx=7 byte=0x38($8) str='FFIUInt8'(8)
[P63] idx=8 arrIdx=7 byte=0x38($8) str='FFIUInt8'(8)
[CACHE-27] #superclass -> getter=-1 setter=-1 retSelf=0 prim=264 cls=0x300973518 method=0x3003aa690
[P63] idx=1 arrIdx=0 byte=0x6c($l) str='long'(4)
[P63] idx=4 arrIdx=3 byte=0x67($g) str='long'(4)
[P63] idx=7 arrIdx=6 byte=0x67($g) str='FFILong'(7)
[P63] idx=1 arrIdx=0 byte=0x46($F) str='FFILong'(7)
[P63] idx=7 arrIdx=6 byte=0x67($g) str='FFILong'(7)
[P63] idx=7 arrIdx=6 byte=0x67($g) str='FFILong'(7)
[P63] idx=1 arrIdx=0 byte=0x46($F) str='FFITestStructure'(16)
[P63] idx=16 arrIdx=15 byte=0x65($e) str='FFITestStructure'(16)
[P63] idx=16 arrIdx=15 byte=0x65($e) str='FFITestStructure'(16)
[CACHE-28] #superclass -> getter=-1 setter=-1 retSelf=0 prim=264 cls=0x300973728 method=0x3003aa690
[CACHE-29] #superclass -> getter=-1 setter=-1 retSelf=0 prim=264 cls=0x3009735c8 method=0x3003aa690
[CACHE-30] #superclass -> getter=-1 setter=-1 retSelf=0 prim=264 cls=0x300973468 method=0x3003aa690
[CACHE-31] #superclass -> getter=-1 setter=-1 retSelf=0 prim=264 cls=0x300973678 method=0x3003aa690
[CACHE-32] #superclass -> getter=-1 setter=-1 retSelf=0 prim=264 cls=0x3009737d8 method=0x3003aa690
[CACHE-33] #superclass -> getter=-1 setter=-1 retSelf=0 prim=264 cls=0x300973888 method=0x3003aa690
[CACHE-34] #superclass -> getter=-1 setter=-1 retSelf=0 prim=264 cls=0x300973938 method=0x3003aa690
[CACHE-35] #superclass -> getter=-1 setter=-1 retSelf=0 prim=264 cls=0x3009739e8 method=0x3003aa690
[CACHE-36] #superclass -> getter=-1 setter=-1 retSelf=0 prim=264 cls=0x300973a98 method=0x3003aa690
[CACHE-37] #keys -> getter=-1 setter=-1 retSelf=0 prim=0 cls=0x300023ed8 method=0x300335c78
[CACHE-38] #superclass -> getter=-1 setter=-1 retSelf=0 prim=264 cls=0x300973b48 method=0x3003aa690
[CACHE-39] #superclass -> getter=-1 setter=-1 retSelf=0 prim=264 cls=0x300973bf8 method=0x3003aa690
[CACHE-40] #superclass -> getter=-1 setter=-1 retSelf=0 prim=264 cls=0x300973ca8 method=0x3003aa690
[CACHE-41] #superclass -> getter=-1 setter=-1 retSelf=0 prim=264 cls=0x300ae9838 method=0x3003aa690
[CACHE-42] #superclass -> getter=-1 setter=-1 retSelf=0 prim=264 cls=0x300af3130 method=0x3003aa690
[CACHE-43] #superclass -> getter=-1 setter=-1 retSelf=0 prim=264 cls=0x300af2fd0 method=0x3003aa690
[CACHE-44] #superclass -> getter=-1 setter=-1 retSelf=0 prim=264 cls=0x300af31e0 method=0x3003aa690
[CACHE-45] #superclass -> getter=-1 setter=-1 retSelf=0 prim=264 cls=0x300af2e70 method=0x3003aa690
[CACHE-46] #superclass -> getter=-1 setter=-1 retSelf=0 prim=264 cls=0x300af3340 method=0x3003aa690
[CACHE-47] #superclass -> getter=-1 setter=-1 retSelf=0 prim=264 cls=0x300af36b0 method=0x3003aa690
[CACHE-48] #superclass -> getter=-1 setter=-1 retSelf=0 prim=264 cls=0x300af3080 method=0x3003aa690
[CACHE-49] #superclass -> getter=-1 setter=-1 retSelf=0 prim=264 cls=0x300af33f0 method=0x3003aa690
[CACHE-50] #superclass -> getter=-1 setter=-1 retSelf=0 prim=264 cls=0x300af3290 method=0x3003aa690
[STARTUP] Firing deferred timer semaphore signal (step 5000354)
[XFER-6] old=0x3033be140 pri=80 -> new=0x302c7bbc8 pri=80
[XFER-7] old=0x302c7bbc8 pri=80 -> new=0x3033be140 pri=80
[SISTA] hits=1042414/1048576 cache=328 disp=13028 ret=9391 send=3637 unk=0
[SISTA] hits=2083860/2097152 cache=284 disp=25429 ret=18927 send=6502 unk=0
[XFER-8] old=0x3033bc8e8 pri=80 -> new=0x302c7a5e0 pri=80
[XFER-9] old=0x302c7a5e0 pri=80 -> new=0x3033bc8e8 pri=80
[XFER-10] old=0x3033bc8e8 pri=80 -> new=0x3033bc460 pri=80
[XFER-11] old=0x3033bc460 pri=80 -> new=0x3033bc8e8 pri=80
[SISTA] hits=3107810/3145728 cache=2301 disp=46919 ret=29951 send=16968 unk=0
[DNU-STACK] Full call stack for #isTransparent (DNU #1):
[DNU-STACK]   [0] WorldState>>drawWorld:submorphs:invalidAreasOn:
[DNU-STACK]   [1] Array>>do:
[DNU-STACK]   [2] WorldState>>allAreasOutsideList:do:
[DNU-STACK]   [3] Rectangle>>allAreasOutsideList:do:
[DNU-STACK]   [4] Rectangle>>allAreasOutsideList:startingAt:do:
[DNU-STACK]   [5] WorldState>>and:
[DNU-STACK]   [6] FormCanvas>>fullDrawMorph:
[DNU-STACK]   [7] FormCanvas>>fullDraw:
[DNU-STACK]   [8] SpWindow>>fullDrawOn:
[DNU-STACK]   [9] FullBlockClosure>>on:do:
[DNU-STACK]   [10] SpWindow>>ifTrue:
[DNU-STACK]   [11] FormCanvas>>roundCornersOf:during:
[DNU-STACK]   [12] FormCanvas>>roundCornersOf:in:during:
[DNU-STACK]   [13] SpWindow>>ifTrue:
[DNU-STACK]   [14] SpWindow>>drawSubmorphsOn:
[DNU-STACK]   [15] FormCanvas>>clipBy:during:
[DNU-STACK]   [16] SpWindow>>reverseDo:
[DNU-STACK]   [17] Array>>reverseDo:
[DNU-STACK]   [18] SpWindow>>fullDrawMorph:
[DNU-STACK]   [19] FormCanvas>>fullDrawMorph:
[DNU-STACK]   [20] FormCanvas>>fullDraw:
[DNU-STACK]   [21] Morph>>fullDrawOn:
[DNU-STACK]   [22] FullBlockClosure>>on:do:
[DNU-STACK]   [23] Morph>>ifTrue:
[DNU-STACK]   [24] FormCanvas>>roundCornersOf:during:
[DNU-STACK]   [25] FormCanvas>>roundCornersOf:in:during:
[DNU-STACK]   [26] Morph>>ifTrue:
[DNU-STACK]   [27] Morph>>drawSubmorphsOn:
[DNU-STACK]   [28] Morph>>reverseDo:
[DNU-STACK]   [29] Array>>reverseDo:
[DNU-STACK]   [current] #fillRectangle:fillStyle:borderStyle: fd=42
[DNU] #1: #isTransparent not understood by rcvr=0x3023578e8 argCount=0 fd=42 in #fillRectangle:fillStyle:borderStyle: P80
[DNU]   rcvr cls=7129 fmt=1 class=SpStyleEnvironmentColorProxy
[DNU]   FP=0xd4368e498 SP=0xd4368e4c0 base=0xd4368e018
[DNU]   receiver_=0x3053b0560 method_=0x3009b0d40
[DNU]   FP[-2] = 0x30234d0d8
[DNU]   FP[-1] = 0x3053b0560
[DNU]   FP[0] = 0x3053b0560
[DNU]   FP[1] = 0x302c4fe08
[DNU]   FP[2] = 0x3023578e8
[DNU]   FP[3] = 0x300f57010
[DNU]   FP[4] = 0x3023578e8
[DNU]   FP[5] = 0x300f57010
[DNU]   FP[6] = 0x30234d0d8
[DNU]   FP[7] = 0x300f57010
[DNU]   FP[8] = 0x882f000000000005
[DNU]   FP[9] = 0x882f000000000005
[DNU]   FP[10] = 0x882f000000000005
[DNU-STACK] Full call stack for #fillRectangle:on: (DNU #2):
[DNU-STACK]   [0] WorldState>>drawWorld:submorphs:invalidAreasOn:
[DNU-STACK]   [1] Array>>do:
[DNU-STACK]   [2] WorldState>>allAreasOutsideList:do:
[DNU-STACK]   [3] Rectangle>>allAreasOutsideList:do:
[DNU-STACK]   [4] Rectangle>>allAreasOutsideList:startingAt:do:
[DNU-STACK]   [5] WorldState>>and:
[DNU-STACK]   [6] FormCanvas>>fullDrawMorph:
[DNU-STACK]   [7] FormCanvas>>fullDraw:
[DNU-STACK]   [8] SpWindow>>fullDrawOn:
[DNU-STACK]   [9] FullBlockClosure>>on:do:
[DNU-STACK]   [10] SpWindow>>ifTrue:
[DNU-STACK]   [11] FormCanvas>>roundCornersOf:during:
[DNU-STACK]   [12] FormCanvas>>roundCornersOf:in:during:
[DNU-STACK]   [13] SpWindow>>ifTrue:
[DNU-STACK]   [14] SpWindow>>drawSubmorphsOn:
[DNU-STACK]   [15] FormCanvas>>clipBy:during:
[DNU-STACK]   [16] SpWindow>>reverseDo:
[DNU-STACK]   [17] Array>>reverseDo:
[DNU-STACK]   [18] SpWindow>>fullDrawMorph:
[DNU-STACK]   [19] FormCanvas>>fullDrawMorph:
[DNU-STACK]   [20] FormCanvas>>fullDraw:
[DNU-STACK]   [21] Morph>>fullDrawOn:
[DNU-STACK]   [22] FullBlockClosure>>on:do:
[DNU-STACK]   [23] Morph>>ifTrue:
[DNU-STACK]   [24] FormCanvas>>roundCornersOf:during:
[DNU-STACK]   [25] FormCanvas>>roundCornersOf:in:during:
[DNU-STACK]   [26] Morph>>ifTrue:
[DNU-STACK]   [27] Morph>>drawSubmorphsOn:
[DNU-STACK]   [28] Morph>>reverseDo:
[DNU-STACK]   [29] Array>>reverseDo:
[DNU-STACK]   [current] #fillRectangle:fillStyle: fd=43
[DNU] #2: #fillRectangle:on: not understood by rcvr=0x3023578e8 argCount=2 fd=43 in #fillRectangle:fillStyle: P80
[DNU]   rcvr cls=7129 fmt=1 class=SpStyleEnvironmentColorProxy
[DNU]   arg[0] = 0x3053b4658 (object)
[DNU]   arg[1] = 0x3053b0560 (object)
[DNU]   FP=0xd4368e4b8 SP=0xd4368e4e8 base=0xd4368e018
[DNU]   receiver_=0x3053b0560 method_=0x3009b0d08
[DNU]   FP[-2] = 0x3023578e8
[DNU]   FP[-1] = 0x300f57010
[DNU]   FP[0] = 0x3053b0560
[DNU]   FP[1] = 0x3053b4658
[DNU]   FP[2] = 0x3023578e8
[DNU]   FP[3] = 0x3023578e8
[DNU]   FP[4] = 0x3053b4658
[DNU]   FP[5] = 0x3053b0560
[DNU]   FP[6] = 0x88a5800000000005
[DNU]   FP[7] = 0x8554000000000005
[DNU]   FP[8] = 0x882d000000000005
[DNU]   FP[9] = 0x3053b4658
[DNU]   FP[10] = 0x860a000000000005
[DNU-STACK] Full call stack for #isTransparent (DNU #3):
[DNU-STACK]   [0] WorldState>>drawWorld:submorphs:invalidAreasOn:
[DNU-STACK]   [1] Array>>do:
[DNU-STACK]   [2] WorldState>>allAreasOutsideList:do:
[DNU-STACK]   [3] Rectangle>>allAreasOutsideList:do:
[DNU-STACK]   [4] Rectangle>>allAreasOutsideList:startingAt:do:
[DNU-STACK]   [5] WorldState>>and:
[DNU-STACK]   [6] FormCanvas>>fullDrawMorph:
[DNU-STACK]   [7] FormCanvas>>fullDraw:
[DNU-STACK]   [8] SpWindow>>fullDrawOn:
[DNU-STACK]   [9] FullBlockClosure>>on:do:
[DNU-STACK]   [10] SpWindow>>ifTrue:
[DNU-STACK]   [11] FormCanvas>>roundCornersOf:during:
[DNU-STACK]   [12] FormCanvas>>roundCornersOf:in:during:
[DNU-STACK]   [13] SpWindow>>ifTrue:
[DNU-STACK]   [14] SpWindow>>drawSubmorphsOn:
[DNU-STACK]   [15] FormCanvas>>clipBy:during:
[DNU-STACK]   [16] SpWindow>>reverseDo:
[DNU-STACK]   [17] Array>>reverseDo:
[DNU-STACK]   [18] SpWindow>>fullDrawMorph:
[DNU-STACK]   [19] FormCanvas>>fullDrawMorph:
[DNU-STACK]   [20] FormCanvas>>fullDraw:
[DNU-STACK]   [21] Morph>>fullDrawOn:
[DNU-STACK]   [22] FullBlockClosure>>on:do:
[DNU-STACK]   [23] Morph>>ifTrue:
[DNU-STACK]   [24] FormCanvas>>roundCornersOf:during:
[DNU-STACK]   [25] FormCanvas>>roundCornersOf:in:during:
[DNU-STACK]   [26] Morph>>ifTrue:
[DNU-STACK]   [27] Morph>>drawSubmorphsOn:
[DNU-STACK]   [28] Morph>>reverseDo:
[DNU-STACK]   [29] Array>>reverseDo:
[DNU-STACK]   [current] #fillRectangle:fillStyle:borderStyle: fd=68
[DNU] #3: #isTransparent not understood by rcvr=0x30235de00 argCount=0 fd=68 in #fillRectangle:fillStyle:borderStyle: P80
[DNU]   rcvr cls=7129 fmt=1 class=SpStyleEnvironmentColorProxy
[DNU]   FP=0xd4368e6c8 SP=0xd4368e6f0 base=0xd4368e018
[DNU]   receiver_=0x3053b9338 method_=0x3009b0d40
[DNU]   FP[-2] = 0x302351400
[DNU]   FP[-1] = 0x3053b9338
[DNU]   FP[0] = 0x3053b9338
[DNU]   FP[1] = 0x302c531e0
[DNU]   FP[2] = 0x30235de00
[DNU]   FP[3] = 0x300f57010
[DNU]   FP[4] = 0x30235de00
[DNU]   FP[5] = 0x300f57010
[DNU]   FP[6] = 0x302351400
[DNU]   FP[7] = 0x300f57010
[DNU]   FP[8] = 0x882d000000000005
[DNU]   FP[9] = 0x882d000000000005
[DNU]   FP[10] = 0x882d000000000005
[DNU-STACK] Full call stack for #fillRectangle:on: (DNU #4):
[DNU-STACK]   [0] WorldState>>drawWorld:submorphs:invalidAreasOn:
[DNU-STACK]   [1] Array>>do:
[DNU-STACK]   [2] WorldState>>allAreasOutsideList:do:
[DNU-STACK]   [3] Rectangle>>allAreasOutsideList:do:
[DNU-STACK]   [4] Rectangle>>allAreasOutsideList:startingAt:do:
[DNU-STACK]   [5] WorldState>>and:
[DNU-STACK]   [6] FormCanvas>>fullDrawMorph:
[DNU-STACK]   [7] FormCanvas>>fullDraw:
[DNU-STACK]   [8] SpWindow>>fullDrawOn:
[DNU-STACK]   [9] FullBlockClosure>>on:do:
[DNU-STACK]   [10] SpWindow>>ifTrue:
[DNU-STACK]   [11] FormCanvas>>roundCornersOf:during:
[DNU-STACK]   [12] FormCanvas>>roundCornersOf:in:during:
[DNU-STACK]   [13] SpWindow>>ifTrue:
[DNU-STACK]   [14] SpWindow>>drawSubmorphsOn:
[DNU-STACK]   [15] FormCanvas>>clipBy:during:
[DNU-STACK]   [16] SpWindow>>reverseDo:
[DNU-STACK]   [17] Array>>reverseDo:
[DNU-STACK]   [18] SpWindow>>fullDrawMorph:
[DNU-STACK]   [19] FormCanvas>>fullDrawMorph:
[DNU-STACK]   [20] FormCanvas>>fullDraw:
[DNU-STACK]   [21] Morph>>fullDrawOn:
[DNU-STACK]   [22] FullBlockClosure>>on:do:
[DNU-STACK]   [23] Morph>>ifTrue:
[DNU-STACK]   [24] FormCanvas>>roundCornersOf:during:
[DNU-STACK]   [25] FormCanvas>>roundCornersOf:in:during:
[DNU-STACK]   [26] Morph>>ifTrue:
[DNU-STACK]   [27] Morph>>drawSubmorphsOn:
[DNU-STACK]   [28] Morph>>reverseDo:
[DNU-STACK]   [29] Array>>reverseDo:
[DNU-STACK]   [current] #fillRectangle:fillStyle: fd=69
[DNU] #4: #fillRectangle:on: not understood by rcvr=0x30235de00 argCount=2 fd=69 in #fillRectangle:fillStyle: P80
[DNU]   rcvr cls=7129 fmt=1 class=SpStyleEnvironmentColorProxy
[SISTA] hits=4113378/4194304 cache=447 disp=78758 ret=50486 send=28272 unk=0
[XFER-12] old=0x3033a7c18 pri=80 -> new=0x302c65d70 pri=80
[XFER-13] old=0x302c65d70 pri=80 -> new=0x3033a7c18 pri=80
[DNU-STACK] Full call stack for #isTransparent (DNU #5):
[DNU-STACK]   [0] MorphicUIManager>>activate
[DNU-STACK]   [1] WorldMorph>>restoreMorphicDisplay
[DNU-STACK]   [2] OSWorldRenderer>>restoreMorphicDisplay
[DNU-STACK]   [3] WorldMorph>>submorphsDo:
[DNU-STACK]   [4] Array>>do:
[DNU-STACK]   [5] OSWorldRenderer>>displayExtentChanged
[DNU-STACK]   [6] TaskbarMorph>>displayExtentChanged
[DNU-STACK]   [7] TaskbarMorph>>updateBounds
[DNU-STACK]   [8] TaskbarMorph>>snapToEdgeIfAppropriate
[DNU-STACK]   [9] WorldMorph>>displayWorld
[DNU-STACK]   [10] WorldState>>displayWorld:
[DNU-STACK]   [11] OSWorldRenderer>>displayWorldState:ofWorld:
[DNU-STACK]   [12] OSWorldRenderer>>deferUpdatesDuring:
[DNU-STACK]   [13] OSSDL2FormRenderer>>deferUpdatesWhile:
[DNU-STACK]   [14] FullBlockClosure>>ensure:
[DNU-STACK]   [15] OSWorldRenderer>>drawDuring:
[DNU-STACK]   [16] OSWorldRenderer>>drawDuring:
[DNU-STACK]   [17] OSSDL2FormRenderer>>deferUpdatesWhile:
[DNU-STACK]   [18] FullBlockClosure>>ensure:
[DNU-STACK]   [19] OSWorldRenderer>>drawDuring:
[DNU-STACK]   [20] OSSDL2FormRenderer>>drawDuring:
[DNU-STACK]   [21] OSWorldRenderer>>restoreSavedPatchOn:
[DNU-STACK]   [22] WorldState>>drawWorld:submorphs:invalidAreasOn:
[DNU-STACK]   [23] Array>>do:
[DNU-STACK]   [24] WorldState>>allAreasOutsideList:do:
[DNU-STACK]   [25] Rectangle>>allAreasOutsideList:do:
[DNU-STACK]   [26] Rectangle>>allAreasOutsideList:startingAt:do:
[DNU-STACK]   [27] WorldState>>and:
[DNU-STACK]   [28] FormCanvas>>fullDrawMorph:
[DNU-STACK]   [29] FormCanvas>>fullDraw:
[DNU-STACK]   [current] #fillRectangle:fillStyle:borderStyle: fd=64
[DNU] #5: #isTransparent not understood by rcvr=0x302357638 argCount=0 fd=64 in #fillRectangle:fillStyle:borderStyle: P80
[DNU]   rcvr cls=7129 fmt=1 class=SpStyleEnvironmentColorProxy
[DNU-STACK] Full call stack for #fillRectangle:on: (DNU #6):
[DNU-STACK]   [0] MorphicUIManager>>activate
[DNU-STACK]   [1] WorldMorph>>restoreMorphicDisplay
[DNU-STACK]   [2] OSWorldRenderer>>restoreMorphicDisplay
[DNU-STACK]   [3] WorldMorph>>submorphsDo:
[DNU-STACK]   [4] Array>>do:
[DNU-STACK]   [5] OSWorldRenderer>>displayExtentChanged
[DNU-STACK]   [6] TaskbarMorph>>displayExtentChanged
[DNU-STACK]   [7] TaskbarMorph>>updateBounds
[DNU-STACK]   [8] TaskbarMorph>>snapToEdgeIfAppropriate
[DNU-STACK]   [9] WorldMorph>>displayWorld
[DNU-STACK]   [10] WorldState>>displayWorld:
[DNU-STACK]   [11] OSWorldRenderer>>displayWorldState:ofWorld:
[DNU-STACK]   [12] OSWorldRenderer>>deferUpdatesDuring:
[DNU-STACK]   [13] OSSDL2FormRenderer>>deferUpdatesWhile:
[DNU-STACK]   [14] FullBlockClosure>>ensure:
[DNU-STACK]   [15] OSWorldRenderer>>drawDuring:
[DNU-STACK]   [16] OSWorldRenderer>>drawDuring:
[DNU-STACK]   [17] OSSDL2FormRenderer>>deferUpdatesWhile:
[DNU-STACK]   [18] FullBlockClosure>>ensure:
[DNU-STACK]   [19] OSWorldRenderer>>drawDuring:
[DNU-STACK]   [20] OSSDL2FormRenderer>>drawDuring:
[DNU-STACK]   [21] OSWorldRenderer>>restoreSavedPatchOn:
[DNU-STACK]   [22] WorldState>>drawWorld:submorphs:invalidAreasOn:
[DNU-STACK]   [23] Array>>do:
[DNU-STACK]   [24] WorldState>>allAreasOutsideList:do:
[DNU-STACK]   [25] Rectangle>>allAreasOutsideList:do:
[DNU-STACK]   [26] Rectangle>>allAreasOutsideList:startingAt:do:
[DNU-STACK]   [27] WorldState>>and:
[DNU-STACK]   [28] FormCanvas>>fullDrawMorph:
[DNU-STACK]   [29] FormCanvas>>fullDraw:
[DNU-STACK]   [current] #fillRectangle:fillStyle: fd=65
[DNU] #6: #fillRectangle:on: not understood by rcvr=0x302357638 argCount=2 fd=65 in #fillRectangle:fillStyle: P80
[DNU]   rcvr cls=7129 fmt=1 class=SpStyleEnvironmentColorProxy
[DNU-STACK] Full call stack for #isTransparent (DNU #7):
[DNU-STACK]   [0] MorphicUIManager>>activate
[DNU-STACK]   [1] WorldMorph>>restoreMorphicDisplay
[DNU-STACK]   [2] OSWorldRenderer>>restoreMorphicDisplay
[DNU-STACK]   [3] WorldMorph>>submorphsDo:
[DNU-STACK]   [4] Array>>do:
[DNU-STACK]   [5] OSWorldRenderer>>displayExtentChanged
[DNU-STACK]   [6] TaskbarMorph>>displayExtentChanged
[DNU-STACK]   [7] TaskbarMorph>>updateBounds
[DNU-STACK]   [8] TaskbarMorph>>snapToEdgeIfAppropriate
[DNU-STACK]   [9] WorldMorph>>displayWorld
[DNU-STACK]   [10] WorldState>>displayWorld:
[DNU-STACK]   [11] OSWorldRenderer>>displayWorldState:ofWorld:
[DNU-STACK]   [12] OSWorldRenderer>>deferUpdatesDuring:
[DNU-STACK]   [13] OSSDL2FormRenderer>>deferUpdatesWhile:
[DNU-STACK]   [14] FullBlockClosure>>ensure:
[DNU-STACK]   [15] OSWorldRenderer>>drawDuring:
[DNU-STACK]   [16] OSWorldRenderer>>drawDuring:
[DNU-STACK]   [17] OSSDL2FormRenderer>>deferUpdatesWhile:
[DNU-STACK]   [18] FullBlockClosure>>ensure:
[DNU-STACK]   [19] OSWorldRenderer>>drawDuring:
[DNU-STACK]   [20] OSSDL2FormRenderer>>drawDuring:
[DNU-STACK]   [21] OSWorldRenderer>>restoreSavedPatchOn:
[DNU-STACK]   [22] WorldState>>drawWorld:submorphs:invalidAreasOn:
[DNU-STACK]   [23] Array>>do:
[DNU-STACK]   [24] WorldState>>allAreasOutsideList:do:
[DNU-STACK]   [25] Rectangle>>allAreasOutsideList:do:
[DNU-STACK]   [26] Rectangle>>allAreasOutsideList:startingAt:do:
[DNU-STACK]   [27] WorldState>>and:
[DNU-STACK]   [28] FormCanvas>>fullDrawMorph:
[DNU-STACK]   [29] FormCanvas>>fullDraw:
[DNU-STACK]   [current] #fillRectangle:fillStyle:borderStyle: fd=90
[DNU] #7: #isTransparent not understood by rcvr=0x30235db20 argCount=0 fd=90 in #fillRectangle:fillStyle:borderStyle: P80
[DNU]   rcvr cls=7129 fmt=1 class=SpStyleEnvironmentColorProxy
[DNU-STACK] Full call stack for #fillRectangle:on: (DNU #8):
[DNU-STACK]   [0] MorphicUIManager>>activate
[DNU-STACK]   [1] WorldMorph>>restoreMorphicDisplay
[DNU-STACK]   [2] OSWorldRenderer>>restoreMorphicDisplay
[DNU-STACK]   [3] WorldMorph>>submorphsDo:
[DNU-STACK]   [4] Array>>do:
[DNU-STACK]   [5] OSWorldRenderer>>displayExtentChanged
[DNU-STACK]   [6] TaskbarMorph>>displayExtentChanged
[DNU-STACK]   [7] TaskbarMorph>>updateBounds
[DNU-STACK]   [8] TaskbarMorph>>snapToEdgeIfAppropriate
[DNU-STACK]   [9] WorldMorph>>displayWorld
[DNU-STACK]   [10] WorldState>>displayWorld:
[DNU-STACK]   [11] OSWorldRenderer>>displayWorldState:ofWorld:
[DNU-STACK]   [12] OSWorldRenderer>>deferUpdatesDuring:
[DNU-STACK]   [13] OSSDL2FormRenderer>>deferUpdatesWhile:
[DNU-STACK]   [14] FullBlockClosure>>ensure:
[DNU-STACK]   [15] OSWorldRenderer>>drawDuring:
[DNU-STACK]   [16] OSWorldRenderer>>drawDuring:
[DNU-STACK]   [17] OSSDL2FormRenderer>>deferUpdatesWhile:
[DNU-STACK]   [18] FullBlockClosure>>ensure:
[DNU-STACK]   [19] OSWorldRenderer>>drawDuring:
[DNU-STACK]   [20] OSSDL2FormRenderer>>drawDuring:
[DNU-STACK]   [21] OSWorldRenderer>>restoreSavedPatchOn:
[DNU-STACK]   [22] WorldState>>drawWorld:submorphs:invalidAreasOn:
[DNU-STACK]   [23] Array>>do:
[DNU-STACK]   [24] WorldState>>allAreasOutsideList:do:
[DNU-STACK]   [25] Rectangle>>allAreasOutsideList:do:
[DNU-STACK]   [26] Rectangle>>allAreasOutsideList:startingAt:do:
[DNU-STACK]   [27] WorldState>>and:
[DNU-STACK]   [28] FormCanvas>>fullDrawMorph:
[DNU-STACK]   [29] FormCanvas>>fullDraw:
[DNU-STACK]   [current] #fillRectangle:fillStyle: fd=91
[DNU] #8: #fillRectangle:on: not understood by rcvr=0x30235db20 argCount=2 fd=91 in #fillRectangle:fillStyle: P80
[DNU]   rcvr cls=7129 fmt=1 class=SpStyleEnvironmentColorProxy
[XFER-14] old=0x3033a7c18 pri=80 -> new=0x3033b7880 pri=70
[XFER-15] old=0x3033b7880 pri=70 -> new=0x3033ae408 pri=60
[DRAIN-1] initial=63 processed=63 wka=48 wkaarr-drop=3 kept=12 dec=0 pending=63->63
[XFER-16] old=0x3033ad3c0 pri=60 -> new=0x304fe1510 pri=60
[XFER-17] old=0x304fe1510 pri=60 -> new=0x302c65a78 pri=80
[XFER-18] old=0x302c65a78 pri=80 -> new=0x304fe1510 pri=60
[XFER-19] old=0x304fe1510 pri=60 -> new=0x3033b5b88 pri=50
[XFER-20] old=0x3033b5b88 pri=50 -> new=0x3050e3568 pri=51
[XFER-21] old=0x3050e3568 pri=51 -> new=0x3033b5b88 pri=50
[XFER-22] old=0x3033b5b88 pri=50 -> new=0x3033a7a20 pri=40
[XFER-23] old=0x3033a7a20 pri=40 -> new=0x302c65ad0 pri=40
[XFER-24] old=0x302c65ad0 pri=40 -> new=0x3033a7a20 pri=40
[XFER-25] old=0x3033a7a20 pri=40 -> new=0x302c65ad0 pri=40
[XFER-26] old=0x302c65ad0 pri=40 -> new=0x305136ad0 pri=40
[XFER-27] old=0x305136ad0 pri=40 -> new=0x302c65ad0 pri=40
[XFER-28] old=0x302c65ad0 pri=40 -> new=0x302c65a78 pri=80
[XFER-29] old=0x302c65a78 pri=80 -> new=0x304fe1510 pri=60
[XFER-30] old=0x304fe1510 pri=60 -> new=0x302c65a78 pri=80
[XFER-31] old=0x302c65a78 pri=80 -> new=0x304fe1510 pri=60
[XFER-32] old=0x304fe1510 pri=60 -> new=0x302c65ad0 pri=40
[XFER-33] old=0x302c65ad0 pri=40 -> new=0x302c65a78 pri=80
[XFER-34] old=0x302c65a78 pri=80 -> new=0x304fe1510 pri=60
[XFER-35] old=0x304fe1510 pri=60 -> new=0x302c65a78 pri=80
[XFER-36] old=0x302c65a78 pri=80 -> new=0x304fe1510 pri=60
[XFER-37] old=0x304fe1510 pri=60 -> new=0x302c65ad0 pri=40
[XFER-38] old=0x302c65ad0 pri=40 -> new=0x302c65a78 pri=80
[XFER-39] old=0x302c65a78 pri=80 -> new=0x304fe1510 pri=60
[XFER-40] old=0x304fe1510 pri=60 -> new=0x302c65a78 pri=80
[XFER-41] old=0x302c65a78 pri=80 -> new=0x304fe1510 pri=60
[XFER-42] old=0x304fe1510 pri=60 -> new=0x302c65ad0 pri=40
[XFER-43] old=0x302c65ad0 pri=40 -> new=0x302c65a78 pri=80
[XFER-44] old=0x302c65a78 pri=80 -> new=0x304fe1510 pri=60
[XFER-45] old=0x304fe1510 pri=60 -> new=0x302c65a78 pri=80
[XFER-46] old=0x302c65a78 pri=80 -> new=0x304fe1510 pri=60
[XFER-47] old=0x304fe1510 pri=60 -> new=0x302c65ad0 pri=40
[XFER-48] old=0x302c65ad0 pri=40 -> new=0x302c65a78 pri=80
[XFER-49] old=0x302c65a78 pri=80 -> new=0x304fe1510 pri=60
[SISTA] hits=5120455/5242880 cache=2465 disp=128828 ret=87642 send=41186 unk=0
[SISTA] hits=6162835/6291456 cache=2748 disp=135971 ret=94345 send=41626 unk=0
[STARTUP-ST-FIRED][IMAGE] [STARTUP-ST-FIRED]

[SISTA] hits=7207260/7340032 cache=3444 disp=139941 ret=96232 send=43709 unk=0
[SISTA] hits=8255721/8388608 cache=3444 disp=139964 ret=96255 send=43709 unk=0
[SISTA] hits=9304177/9437184 cache=3444 disp=139988 ret=96279 send=43709 unk=0
'done'[IMAGE] 'done'


=== Execution Summary ===
Active bytecode steps: 166529015

=== JIT Stats ===
  compiled: 0 methods
  IC: 0 hits / 0 total (0.0%), patches=0 stale=0
  IC miss breakdown: noSelBits=0 cold=0 poly=0 noICData=0
  activations: 0 hits / 0 total (0.0%)
  resume (J2J-r): 0 chains / 0 total (0.0%)
  J2J stencil: calls=0 returns=0 patches=0
  materialize: count=0 totalDepth=0
  chain: actChain=0 actFall=0 | primChain=0 primFall=0
  yields=0 OSR=0
  T2-IC: 0 hits / 0 total (0.0%)
  T2 (asmjit): compiled=0 bailed=0
=================

=== Display Check ===
Pixel count: 0
First 100 pixels: 0 modified from gradient
Stopping heartbeat thread...

=== Test Complete ===
