sweep start 2026-09-03 16:28:51
  vm      /home/ubuntu/src/iospharo/build/test_load_image  (x86_64)
  image   /home/ubuntu/harness/sunit-gui.image
  sources /home/ubuntu/harness/Pharo13.1-64bit-4f7563d.sources
  total=2047 step=50 timeout=1800s
batch     1-50    rc=0     44s  classes=51   completed=yes
sweep start 2026-09-03 17:38:42
  vm      /home/ubuntu/src/iospharo/build/test_load_image  (x86_64)
  image   /home/ubuntu/harness/sunit-gui.image
  sources /home/ubuntu/harness/Pharo13.1-64bit-4f7563d.sources
  total=2047 step=50 timeout=1800s
batch    51-100   rc=137  112s  classes=51   completed=yes
batch   101-150   rc=0    202s  classes=51   completed=yes
batch   151-200   rc=137  334s  classes=51   completed=yes
batch   201-250   rc=137  103s  classes=51   completed=yes
batch   251-300   rc=0    106s  classes=51   completed=yes
batch   301-350   rc=137  191s  classes=51   completed=yes
batch   351-400   rc=137  140s  classes=51   completed=yes
batch   401-450   rc=0    191s  classes=51   completed=yes
batch   451-500   rc=0    309s  classes=51   completed=yes
sweep start 2026-09-04 01:33:33
  vm      /home/ubuntu/src/iospharo/build/test_load_image  (x86_64)
  image   /home/ubuntu/harness/sunit-gui.image
  sources /home/ubuntu/harness/Pharo13.1-64bit-4f7563d.sources
  total=2047 step=50 timeout=1800s
batch   501-550   rc=137  223s  classes=51   completed=yes
batch   551-600   rc=137  109s  classes=51   completed=yes
batch   601-650   rc=0     60s  classes=51   completed=yes
batch   651-700   rc=0    126s  classes=51   completed=yes
batch   701-750   rc=137  230s  classes=51   completed=yes
batch   751-800   rc=137  119s  classes=51   completed=yes
batch   801-850   rc=0    230s  classes=51   completed=yes
batch   851-900   rc=137   82s  classes=51   completed=yes
batch   901-950   rc=0    170s  classes=51   completed=yes
batch   951-1000  rc=137   91s  classes=51   completed=yes
batch  1001-1050  rc=137  864s  classes=51   completed=yes
batch  1051-1100  rc=137  240s  classes=51   completed=yes
batch  1101-1150  rc=0     32s  classes=51   completed=yes
batch  1151-1200  rc=137  131s  classes=51   completed=yes
batch  1201-1250  rc=137  131s  classes=51   completed=yes
batch  1251-1300  rc=0     61s  classes=51   completed=yes
batch  1301-1350  rc=137  100s  classes=51   completed=yes
batch  1351-1400  rc=0    533s  classes=51   completed=yes
batch  1401-1450  rc=137  183s  classes=51   completed=yes
batch  1451-1500  rc=0    150s  classes=51   completed=yes
batch  1501-1550  rc=0    513s  classes=51   completed=yes
batch  1551-1600  rc=0    233s  classes=51   completed=yes
batch  1601-1650  rc=0    222s  classes=51   completed=yes
batch  1651-1700  rc=0    242s  classes=51   completed=yes
batch  1701-1750  rc=0    283s  classes=51   completed=yes
batch  1751-1800  rc=0    637s  classes=51   completed=yes
batch  1801-1850  rc=0    137s  classes=51   completed=yes
batch  1851-1900  rc=0    139s  classes=51   completed=yes
batch  1901-1950  rc=0    474s  classes=51   completed=yes
batch  1951-2000  rc=0    108s  classes=51   completed=yes
batch  2001-2047  rc=0    393s  classes=48   completed=yes
sweep done 2026-09-04 03:34:25
=== TOTALS ===
  classes 2047
  tests   28074
  PASS    27858
  FAIL    13
  ERROR   5
  SKIP    179
  rate    99.23%
